// Jest Snapshot v1, https://goo.gl/fbAQLP

exports[`Snapshot 1`] = `
{
  "Mappings": {
    "ServiceprincipalMap": {
      "af-south-1": {
        "states": "states.af-south-1.amazonaws.com",
      },
      "ap-east-1": {
        "states": "states.ap-east-1.amazonaws.com",
      },
      "ap-northeast-1": {
        "states": "states.ap-northeast-1.amazonaws.com",
      },
      "ap-northeast-2": {
        "states": "states.ap-northeast-2.amazonaws.com",
      },
      "ap-northeast-3": {
        "states": "states.ap-northeast-3.amazonaws.com",
      },
      "ap-south-1": {
        "states": "states.ap-south-1.amazonaws.com",
      },
      "ap-south-2": {
        "states": "states.ap-south-2.amazonaws.com",
      },
      "ap-southeast-1": {
        "states": "states.ap-southeast-1.amazonaws.com",
      },
      "ap-southeast-2": {
        "states": "states.ap-southeast-2.amazonaws.com",
      },
      "ap-southeast-3": {
        "states": "states.ap-southeast-3.amazonaws.com",
      },
      "ap-southeast-4": {
        "states": "states.ap-southeast-4.amazonaws.com",
      },
      "ap-southeast-5": {
        "states": "states.ap-southeast-5.amazonaws.com",
      },
      "ap-southeast-7": {
        "states": "states.ap-southeast-7.amazonaws.com",
      },
      "ca-central-1": {
        "states": "states.ca-central-1.amazonaws.com",
      },
      "ca-west-1": {
        "states": "states.ca-west-1.amazonaws.com",
      },
      "cn-north-1": {
        "states": "states.cn-north-1.amazonaws.com",
      },
      "cn-northwest-1": {
        "states": "states.cn-northwest-1.amazonaws.com",
      },
      "eu-central-1": {
        "states": "states.eu-central-1.amazonaws.com",
      },
      "eu-central-2": {
        "states": "states.eu-central-2.amazonaws.com",
      },
      "eu-isoe-west-1": {
        "states": "states.eu-isoe-west-1.amazonaws.com",
      },
      "eu-north-1": {
        "states": "states.eu-north-1.amazonaws.com",
      },
      "eu-south-1": {
        "states": "states.eu-south-1.amazonaws.com",
      },
      "eu-south-2": {
        "states": "states.eu-south-2.amazonaws.com",
      },
      "eu-west-1": {
        "states": "states.eu-west-1.amazonaws.com",
      },
      "eu-west-2": {
        "states": "states.eu-west-2.amazonaws.com",
      },
      "eu-west-3": {
        "states": "states.eu-west-3.amazonaws.com",
      },
      "il-central-1": {
        "states": "states.il-central-1.amazonaws.com",
      },
      "me-central-1": {
        "states": "states.me-central-1.amazonaws.com",
      },
      "me-south-1": {
        "states": "states.me-south-1.amazonaws.com",
      },
      "mx-central-1": {
        "states": "states.mx-central-1.amazonaws.com",
      },
      "sa-east-1": {
        "states": "states.sa-east-1.amazonaws.com",
      },
      "us-east-1": {
        "states": "states.us-east-1.amazonaws.com",
      },
      "us-east-2": {
        "states": "states.us-east-2.amazonaws.com",
      },
      "us-gov-east-1": {
        "states": "states.us-gov-east-1.amazonaws.com",
      },
      "us-gov-west-1": {
        "states": "states.us-gov-west-1.amazonaws.com",
      },
      "us-iso-east-1": {
        "states": "states.amazonaws.com",
      },
      "us-iso-west-1": {
        "states": "states.amazonaws.com",
      },
      "us-isob-east-1": {
        "states": "states.amazonaws.com",
      },
      "us-west-1": {
        "states": "states.us-west-1.amazonaws.com",
      },
      "us-west-2": {
        "states": "states.us-west-2.amazonaws.com",
      },
    },
  },
  "Metadata": {
    "cdk_nag": {
      "rules_to_suppress": [
        {
          "id": "AwsSolutions-IAM4",
          "reason": "default iam policy",
        },
        {
          "id": "AwsSolutions-IAM5",
          "reason": "default iam policy",
        },
        {
          "id": "AwsSolutions-SNS2",
          "reason": "no key is prepared",
        },
        {
          "id": "AwsSolutions-SNS3",
          "reason": "no key is prepared",
        },
        {
          "id": "AwsSolutions-SQS3",
          "reason": "dlq is not mandatory here",
        },
        {
          "id": "AwsSolutions-DDB3",
          "reason": "PITR is not mandatory here",
        },
        {
          "id": "AwsSolutions-VPC7",
          "reason": "flowlogs is not used here",
        },
        {
          "id": "AwsSolutions-S1",
          "reason": "access log is disabled here",
        },
      ],
    },
  },
  "Outputs": {
    "QueueSendMessageCommandE50F272D": {
      "Value": {
        "Fn::Join": [
          "",
          [
            "aws sqs send-message --queue-url ",
            {
              "Ref": "Queue381943A6",
            },
            " --message-body "Hello World"",
          ],
        ],
      },
    },
    "SfnQueue2SendMessageCommand421EF6A6": {
      "Value": {
        "Fn::Join": [
          "",
          [
            "aws sqs send-message --queue-url ",
            {
              "Ref": "SfnQueue2Queue969EFB50",
            },
            " --message-body "Hello World"",
          ],
        ],
      },
    },
  },
  "Parameters": {
    "BootstrapVersion": {
      "Default": "/cdk-bootstrap/hnb659fds/version",
      "Description": "Version of the CDK Bootstrap resources in this environment, automatically retrieved from SSM Parameter Store. [cdk:skip]",
      "Type": "AWS::SSM::Parameter::Value<String>",
    },
  },
  "Resources": {
    "ClusterEB0386A7": {
      "Properties": {
        "ClusterSettings": [
          {
            "Name": "containerInsights",
            "Value": "enabled",
          },
        ],
      },
      "Type": "AWS::ECS::Cluster",
    },
    "EventBridgeSfn2Dlq94171598": {
      "DeletionPolicy": "Delete",
      "Properties": {
        "KmsMasterKeyId": "alias/aws/sqs",
      },
      "Type": "AWS::SQS::Queue",
      "UpdateReplacePolicy": "Delete",
    },
    "EventBridgeSfn2DlqPolicy5E49CB0C": {
      "Properties": {
        "PolicyDocument": {
          "Statement": [
            {
              "Action": "sqs:*",
              "Condition": {
                "Bool": {
                  "aws:SecureTransport": "false",
                },
              },
              "Effect": "Deny",
              "Principal": {
                "AWS": "*",
              },
              "Resource": {
                "Fn::GetAtt": [
                  "EventBridgeSfn2Dlq94171598",
                  "Arn",
                ],
              },
            },
            {
              "Action": "sqs:SendMessage",
              "Condition": {
                "ArnEquals": {
                  "aws:SourceArn": {
                    "Fn::GetAtt": [
                      "EventBridgeSfn2Rule6CBC75F9",
                      "Arn",
                    ],
                  },
                },
              },
              "Effect": "Allow",
              "Principal": {
                "Service": "events.amazonaws.com",
              },
              "Resource": {
                "Fn::GetAtt": [
                  "EventBridgeSfn2Dlq94171598",
                  "Arn",
                ],
              },
              "Sid": "AllowEventRuletestEventBridgeSfn2Rule2B126A11",
            },
          ],
          "Version": "2012-10-17",
        },
        "Queues": [
          {
            "Ref": "EventBridgeSfn2Dlq94171598",
          },
        ],
      },
      "Type": "AWS::SQS::QueuePolicy",
    },
    "EventBridgeSfn2Rule6CBC75F9": {
      "Properties": {
        "ScheduleExpression": "cron(0/5 * * * ? *)",
        "State": "DISABLED",
        "Targets": [
          {
            "Arn": {
              "Ref": "SchedulerLambdaWorkflowStateMachineCBA0F67C",
            },
            "DeadLetterConfig": {
              "Arn": {
                "Fn::GetAtt": [
                  "EventBridgeSfn2Dlq94171598",
                  "Arn",
                ],
              },
            },
            "Id": "Target0",
            "RoleArn": {
              "Fn::GetAtt": [
                "SchedulerLambdaWorkflowStateMachineEventsRole0E78A336",
                "Arn",
              ],
            },
          },
        ],
      },
      "Type": "AWS::Events::Rule",
    },
    "Queue381943A6": {
      "DeletionPolicy": "Delete",
      "Properties": {
        "KmsMasterKeyId": "alias/aws/sqs",
      },
      "Type": "AWS::SQS::Queue",
      "UpdateReplacePolicy": "Delete",
    },
    "QueueEcsWorkflowLogGroupBA258F1B": {
      "DeletionPolicy": "Delete",
      "Properties": {
        "RetentionInDays": 7,
      },
      "Type": "AWS::Logs::LogGroup",
      "UpdateReplacePolicy": "Delete",
    },
    "QueueEcsWorkflowStateMachineE8828B3A": {
      "DeletionPolicy": "Delete",
      "DependsOn": [
        "QueueEcsWorkflowStateMachineRoleDefaultPolicy3C3F9CBF",
        "QueueEcsWorkflowStateMachineRoleCB725D32",
      ],
      "Properties": {
        "DefinitionString": {
          "Fn::Join": [
            "",
            [
              "{"StartAt":"Execution Control","States":{"Execution Control":{"Next":"QueueTask","Catch":[{"ErrorEquals":["States.ALL"],"Next":"Fail"}],"Type":"Task","ResultPath":null,"Resource":"arn:",
              {
                "Ref": "AWS::Partition",
              },
              ":states:::dynamodb:putItem","Parameters":{"Item":{"id":{"S.$":"$[0].messageId"},"updatedAt":{"S.$":"$$.Execution.StartTime"}},"TableName":"",
              {
                "Ref": "QueueEcsWorkflowTableBF29AA34",
              },
              "","ConditionExpression":"attribute_not_exists(id)"}},"QueueTask":{"Next":"Success","Retry":[{"ErrorEquals":["States.ALL"],"IntervalSeconds":10,"MaxAttempts":5,"BackoffRate":1}],"Catch":[{"ErrorEquals":["States.ALL"],"ResultPath":"$.error","Next":"Notify"}],"Type":"Task","Resource":"arn:",
              {
                "Ref": "AWS::Partition",
              },
              ":states:::ecs:runTask.sync","Parameters":{"Cluster":"",
              {
                "Fn::GetAtt": [
                  "ClusterEB0386A7",
                  "Arn",
                ],
              },
              "","TaskDefinition":"testTaskDefinitionDEFD2B54","NetworkConfiguration":{"AwsvpcConfiguration":{"Subnets":["",
              {
                "Ref": "VPCPrivateSubnet1Subnet8BCA10E0",
              },
              "","",
              {
                "Ref": "VPCPrivateSubnet2SubnetCFCDAA7A",
              },
              ""],"SecurityGroups":["",
              {
                "Fn::GetAtt": [
                  "QueueTaskSecurityGroupD85E02F4",
                  "GroupId",
                ],
              },
              ""]}},"Overrides":{"ContainerOverrides":[{"Name":"TickerContainer","Environment":[{"Name":"SFN_TASK_INPUT","Value.$":"States.JsonToString($)"}]}]},"LaunchType":"FARGATE","PlatformVersion":"LATEST"}},"Success":{"Type":"Succeed"},"Notify":{"Next":"Fail","Type":"Task","Resource":"arn:",
              {
                "Ref": "AWS::Partition",
              },
              ":states:::sns:publish","Parameters":{"TopicArn":"",
              {
                "Ref": "QueueEcsWorkflowTopic65484EEF",
              },
              "","Message":"task has failed."}},"Fail":{"Type":"Fail"}}}",
            ],
          ],
        },
        "LoggingConfiguration": {
          "Destinations": [
            {
              "CloudWatchLogsLogGroup": {
                "LogGroupArn": {
                  "Fn::GetAtt": [
                    "QueueEcsWorkflowLogGroupBA258F1B",
                    "Arn",
                  ],
                },
              },
            },
          ],
          "Level": "ALL",
        },
        "RoleArn": {
          "Fn::GetAtt": [
            "QueueEcsWorkflowStateMachineRoleCB725D32",
            "Arn",
          ],
        },
        "TracingConfiguration": {
          "Enabled": true,
        },
      },
      "Type": "AWS::StepFunctions::StateMachine",
      "UpdateReplacePolicy": "Delete",
    },
    "QueueEcsWorkflowStateMachineRoleCB725D32": {
      "Properties": {
        "AssumeRolePolicyDocument": {
          "Statement": [
            {
              "Action": "sts:AssumeRole",
              "Effect": "Allow",
              "Principal": {
                "Service": {
                  "Fn::FindInMap": [
                    "ServiceprincipalMap",
                    {
                      "Ref": "AWS::Region",
                    },
                    "states",
                  ],
                },
              },
            },
          ],
          "Version": "2012-10-17",
        },
      },
      "Type": "AWS::IAM::Role",
    },
    "QueueEcsWorkflowStateMachineRoleDefaultPolicy3C3F9CBF": {
      "Properties": {
        "PolicyDocument": {
          "Statement": [
            {
              "Action": "dynamodb:PutItem",
              "Effect": "Allow",
              "Resource": {
                "Fn::Join": [
                  "",
                  [
                    "arn:",
                    {
                      "Ref": "AWS::Partition",
                    },
                    ":dynamodb:",
                    {
                      "Ref": "AWS::Region",
                    },
                    ":",
                    {
                      "Ref": "AWS::AccountId",
                    },
                    ":table/",
                    {
                      "Ref": "QueueEcsWorkflowTableBF29AA34",
                    },
                  ],
                ],
              },
            },
            {
              "Action": "ecs:RunTask",
              "Effect": "Allow",
              "Resource": [
                {
                  "Fn::Join": [
                    "",
                    [
                      "arn:",
                      {
                        "Fn::Select": [
                          1,
                          {
                            "Fn::Split": [
                              ":",
                              {
                                "Ref": "TaskDefinitionB36D86D9",
                              },
                            ],
                          },
                        ],
                      },
                      ":",
                      {
                        "Fn::Select": [
                          2,
                          {
                            "Fn::Split": [
                              ":",
                              {
                                "Ref": "TaskDefinitionB36D86D9",
                              },
                            ],
                          },
                        ],
                      },
                      ":",
                      {
                        "Fn::Select": [
                          3,
                          {
                            "Fn::Split": [
                              ":",
                              {
                                "Ref": "TaskDefinitionB36D86D9",
                              },
                            ],
                          },
                        ],
                      },
                      ":",
                      {
                        "Fn::Select": [
                          4,
                          {
                            "Fn::Split": [
                              ":",
                              {
                                "Ref": "TaskDefinitionB36D86D9",
                              },
                            ],
                          },
                        ],
                      },
                      ":",
                      {
                        "Fn::Select": [
                          0,
                          {
                            "Fn::Split": [
                              "/",
                              {
                                "Fn::Select": [
                                  5,
                                  {
                                    "Fn::Split": [
                                      ":",
                                      {
                                        "Ref": "TaskDefinitionB36D86D9",
                                      },
                                    ],
                                  },
                                ],
                              },
                            ],
                          },
                        ],
                      },
                      "/",
                      {
                        "Fn::Select": [
                          1,
                          {
                            "Fn::Split": [
                              "/",
                              {
                                "Fn::Select": [
                                  5,
                                  {
                                    "Fn::Split": [
                                      ":",
                                      {
                                        "Ref": "TaskDefinitionB36D86D9",
                                      },
                                    ],
                                  },
                                ],
                              },
                            ],
                          },
                        ],
                      },
                    ],
                  ],
                },
                {
                  "Fn::Join": [
                    "",
                    [
                      "arn:",
                      {
                        "Fn::Select": [
                          1,
                          {
                            "Fn::Split": [
                              ":",
                              {
                                "Ref": "TaskDefinitionB36D86D9",
                              },
                            ],
                          },
                        ],
                      },
                      ":",
                      {
                        "Fn::Select": [
                          2,
                          {
                            "Fn::Split": [
                              ":",
                              {
                                "Ref": "TaskDefinitionB36D86D9",
                              },
                            ],
                          },
                        ],
                      },
                      ":",
                      {
                        "Fn::Select": [
                          3,
                          {
                            "Fn::Split": [
                              ":",
                              {
                                "Ref": "TaskDefinitionB36D86D9",
                              },
                            ],
                          },
                        ],
                      },
                      ":",
                      {
                        "Fn::Select": [
                          4,
                          {
                            "Fn::Split": [
                              ":",
                              {
                                "Ref": "TaskDefinitionB36D86D9",
                              },
                            ],
                          },
                        ],
                      },
                      ":",
                      {
                        "Fn::Select": [
                          0,
                          {
                            "Fn::Split": [
                              "/",
                              {
                                "Fn::Select": [
                                  5,
                                  {
                                    "Fn::Split": [
                                      ":",
                                      {
                                        "Ref": "TaskDefinitionB36D86D9",
                                      },
                                    ],
                                  },
                                ],
                              },
                            ],
                          },
                        ],
                      },
                      "/",
                      {
                        "Fn::Select": [
                          1,
                          {
                            "Fn::Split": [
                              "/",
                              {
                                "Fn::Select": [
                                  5,
                                  {
                                    "Fn::Split": [
                                      ":",
                                      {
                                        "Ref": "TaskDefinitionB36D86D9",
                                      },
                                    ],
                                  },
                                ],
                              },
                            ],
                          },
                        ],
                      },
                      ":*",
                    ],
                  ],
                },
              ],
            },
            {
              "Action": [
                "ecs:StopTask",
                "ecs:DescribeTasks",
              ],
              "Effect": "Allow",
              "Resource": "*",
            },
            {
              "Action": "iam:PassRole",
              "Effect": "Allow",
              "Resource": [
                {
                  "Fn::GetAtt": [
                    "TaskDefinitionTaskRoleFD40A61D",
                    "Arn",
                  ],
                },
                {
                  "Fn::GetAtt": [
                    "TaskDefinitionExecutionRole8D61C2FB",
                    "Arn",
                  ],
                },
              ],
            },
            {
              "Action": [
                "events:PutTargets",
                "events:PutRule",
                "events:DescribeRule",
              ],
              "Effect": "Allow",
              "Resource": {
                "Fn::Join": [
                  "",
                  [
                    "arn:",
                    {
                      "Ref": "AWS::Partition",
                    },
                    ":events:",
                    {
                      "Ref": "AWS::Region",
                    },
                    ":",
                    {
                      "Ref": "AWS::AccountId",
                    },
                    ":rule/StepFunctionsGetEventsForECSTaskRule",
                  ],
                ],
              },
            },
            {
              "Action": "sns:Publish",
              "Effect": "Allow",
              "Resource": {
                "Ref": "QueueEcsWorkflowTopic65484EEF",
              },
            },
            {
              "Action": [
                "logs:CreateLogDelivery",
                "logs:GetLogDelivery",
                "logs:UpdateLogDelivery",
                "logs:DeleteLogDelivery",
                "logs:ListLogDeliveries",
                "logs:PutResourcePolicy",
                "logs:DescribeResourcePolicies",
                "logs:DescribeLogGroups",
              ],
              "Effect": "Allow",
              "Resource": "*",
            },
            {
              "Action": [
                "xray:PutTraceSegments",
                "xray:PutTelemetryRecords",
                "xray:GetSamplingRules",
                "xray:GetSamplingTargets",
              ],
              "Effect": "Allow",
              "Resource": "*",
            },
          ],
          "Version": "2012-10-17",
        },
        "PolicyName": "QueueEcsWorkflowStateMachineRoleDefaultPolicy3C3F9CBF",
        "Roles": [
          {
            "Ref": "QueueEcsWorkflowStateMachineRoleCB725D32",
          },
        ],
      },
      "Type": "AWS::IAM::Policy",
    },
    "QueueEcsWorkflowTableBF29AA34": {
      "DeletionPolicy": "Delete",
      "Properties": {
        "AttributeDefinitions": [
          {
            "AttributeName": "id",
            "AttributeType": "S",
          },
        ],
        "BillingMode": "PAY_PER_REQUEST",
        "KeySchema": [
          {
            "AttributeName": "id",
            "KeyType": "HASH",
          },
        ],
        "SSESpecification": {
          "SSEEnabled": true,
        },
      },
      "Type": "AWS::DynamoDB::Table",
      "UpdateReplacePolicy": "Delete",
    },
    "QueueEcsWorkflowTopic65484EEF": {
      "Type": "AWS::SNS::Topic",
    },
    "QueueLambdaWorkflowLogGroupF48EAF7A": {
      "DeletionPolicy": "Delete",
      "Properties": {
        "RetentionInDays": 7,
      },
      "Type": "AWS::Logs::LogGroup",
      "UpdateReplacePolicy": "Delete",
    },
    "QueueLambdaWorkflowStateMachineFE9FE154": {
      "DeletionPolicy": "Delete",
      "DependsOn": [
        "QueueLambdaWorkflowStateMachineRoleDefaultPolicy0D665EDE",
        "QueueLambdaWorkflowStateMachineRole97618FCD",
      ],
      "Properties": {
        "DefinitionString": {
          "Fn::Join": [
            "",
            [
              "{"StartAt":"Execution Control","States":{"Execution Control":{"Next":"QueueFunction","Catch":[{"ErrorEquals":["States.ALL"],"Next":"Fail"}],"Type":"Task","ResultPath":null,"Resource":"arn:",
              {
                "Ref": "AWS::Partition",
              },
              ":states:::dynamodb:putItem","Parameters":{"Item":{"id":{"S.$":"$[0].messageId"},"updatedAt":{"S.$":"$$.Execution.StartTime"}},"TableName":"",
              {
                "Ref": "QueueLambdaWorkflowTableC48DD743",
              },
              "","ConditionExpression":"attribute_not_exists(id)"}},"QueueFunction":{"Next":"Success","Retry":[{"ErrorEquals":["Lambda.ClientExecutionTimeoutException","Lambda.ServiceException","Lambda.AWSLambdaException","Lambda.SdkClientException"],"IntervalSeconds":2,"MaxAttempts":6,"BackoffRate":2},{"ErrorEquals":["States.ALL"],"IntervalSeconds":10,"MaxAttempts":5,"BackoffRate":1}],"Catch":[{"ErrorEquals":["States.ALL"],"ResultPath":"$.error","Next":"Notify"}],"Type":"Task","TimeoutSeconds":3600,"Resource":"",
              {
                "Fn::GetAtt": [
                  "TickerFunctions4DCC7C63",
                  "Arn",
                ],
              },
              ""},"Success":{"Type":"Succeed"},"Notify":{"Next":"Fail","Type":"Task","Resource":"arn:",
              {
                "Ref": "AWS::Partition",
              },
              ":states:::sns:publish","Parameters":{"TopicArn":"",
              {
                "Ref": "QueueLambdaWorkflowTopic2D4CC8D5",
              },
              "","Message":"task has failed."}},"Fail":{"Type":"Fail"}}}",
            ],
          ],
        },
        "LoggingConfiguration": {
          "Destinations": [
            {
              "CloudWatchLogsLogGroup": {
                "LogGroupArn": {
                  "Fn::GetAtt": [
                    "QueueLambdaWorkflowLogGroupF48EAF7A",
                    "Arn",
                  ],
                },
              },
            },
          ],
          "Level": "ALL",
        },
        "RoleArn": {
          "Fn::GetAtt": [
            "QueueLambdaWorkflowStateMachineRole97618FCD",
            "Arn",
          ],
        },
        "TracingConfiguration": {
          "Enabled": true,
        },
      },
      "Type": "AWS::StepFunctions::StateMachine",
      "UpdateReplacePolicy": "Delete",
    },
    "QueueLambdaWorkflowStateMachineRole97618FCD": {
      "Properties": {
        "AssumeRolePolicyDocument": {
          "Statement": [
            {
              "Action": "sts:AssumeRole",
              "Effect": "Allow",
              "Principal": {
                "Service": {
                  "Fn::FindInMap": [
                    "ServiceprincipalMap",
                    {
                      "Ref": "AWS::Region",
                    },
                    "states",
                  ],
                },
              },
            },
          ],
          "Version": "2012-10-17",
        },
      },
      "Type": "AWS::IAM::Role",
    },
    "QueueLambdaWorkflowStateMachineRoleDefaultPolicy0D665EDE": {
      "Properties": {
        "PolicyDocument": {
          "Statement": [
            {
              "Action": "dynamodb:PutItem",
              "Effect": "Allow",
              "Resource": {
                "Fn::Join": [
                  "",
                  [
                    "arn:",
                    {
                      "Ref": "AWS::Partition",
                    },
                    ":dynamodb:",
                    {
                      "Ref": "AWS::Region",
                    },
                    ":",
                    {
                      "Ref": "AWS::AccountId",
                    },
                    ":table/",
                    {
                      "Ref": "QueueLambdaWorkflowTableC48DD743",
                    },
                  ],
                ],
              },
            },
            {
              "Action": "lambda:InvokeFunction",
              "Effect": "Allow",
              "Resource": [
                {
                  "Fn::GetAtt": [
                    "TickerFunctions4DCC7C63",
                    "Arn",
                  ],
                },
                {
                  "Fn::Join": [
                    "",
                    [
                      {
                        "Fn::GetAtt": [
                          "TickerFunctions4DCC7C63",
                          "Arn",
                        ],
                      },
                      ":*",
                    ],
                  ],
                },
              ],
            },
            {
              "Action": "sns:Publish",
              "Effect": "Allow",
              "Resource": {
                "Ref": "QueueLambdaWorkflowTopic2D4CC8D5",
              },
            },
            {
              "Action": [
                "logs:CreateLogDelivery",
                "logs:GetLogDelivery",
                "logs:UpdateLogDelivery",
                "logs:DeleteLogDelivery",
                "logs:ListLogDeliveries",
                "logs:PutResourcePolicy",
                "logs:DescribeResourcePolicies",
                "logs:DescribeLogGroups",
              ],
              "Effect": "Allow",
              "Resource": "*",
            },
            {
              "Action": [
                "xray:PutTraceSegments",
                "xray:PutTelemetryRecords",
                "xray:GetSamplingRules",
                "xray:GetSamplingTargets",
              ],
              "Effect": "Allow",
              "Resource": "*",
            },
          ],
          "Version": "2012-10-17",
        },
        "PolicyName": "QueueLambdaWorkflowStateMachineRoleDefaultPolicy0D665EDE",
        "Roles": [
          {
            "Ref": "QueueLambdaWorkflowStateMachineRole97618FCD",
          },
        ],
      },
      "Type": "AWS::IAM::Policy",
    },
    "QueueLambdaWorkflowTableC48DD743": {
      "DeletionPolicy": "Delete",
      "Properties": {
        "AttributeDefinitions": [
          {
            "AttributeName": "id",
            "AttributeType": "S",
          },
        ],
        "BillingMode": "PAY_PER_REQUEST",
        "KeySchema": [
          {
            "AttributeName": "id",
            "KeyType": "HASH",
          },
        ],
        "SSESpecification": {
          "SSEEnabled": true,
        },
      },
      "Type": "AWS::DynamoDB::Table",
      "UpdateReplacePolicy": "Delete",
    },
    "QueueLambdaWorkflowTopic2D4CC8D5": {
      "Type": "AWS::SNS::Topic",
    },
    "QueuePipe24FF2CAE": {
      "Properties": {
        "RoleArn": {
          "Fn::GetAtt": [
            "QueuePipeRole804061BD",
            "Arn",
          ],
        },
        "Source": {
          "Fn::GetAtt": [
            "Queue381943A6",
            "Arn",
          ],
        },
        "SourceParameters": {},
        "Target": {
          "Ref": "QueueEcsWorkflowStateMachineE8828B3A",
        },
        "TargetParameters": {
          "StepFunctionStateMachineParameters": {
            "InvocationType": "FIRE_AND_FORGET",
          },
        },
      },
      "Type": "AWS::Pipes::Pipe",
    },
    "QueuePipeRole804061BD": {
      "Properties": {
        "AssumeRolePolicyDocument": {
          "Statement": [
            {
              "Action": "sts:AssumeRole",
              "Effect": "Allow",
              "Principal": {
                "Service": "pipes.amazonaws.com",
              },
            },
          ],
          "Version": "2012-10-17",
        },
      },
      "Type": "AWS::IAM::Role",
    },
    "QueuePipeRoleDefaultPolicyACDCBF93": {
      "Properties": {
        "PolicyDocument": {
          "Statement": [
            {
              "Action": [
                "sqs:ReceiveMessage",
                "sqs:ChangeMessageVisibility",
                "sqs:GetQueueUrl",
                "sqs:DeleteMessage",
                "sqs:GetQueueAttributes",
              ],
              "Effect": "Allow",
              "Resource": {
                "Fn::GetAtt": [
                  "Queue381943A6",
                  "Arn",
                ],
              },
            },
            {
              "Action": "states:StartExecution",
              "Effect": "Allow",
              "Resource": {
                "Ref": "QueueEcsWorkflowStateMachineE8828B3A",
              },
            },
          ],
          "Version": "2012-10-17",
        },
        "PolicyName": "QueuePipeRoleDefaultPolicyACDCBF93",
        "Roles": [
          {
            "Ref": "QueuePipeRole804061BD",
          },
        ],
      },
      "Type": "AWS::IAM::Policy",
    },
    "QueuePolicyDB5CAAD1": {
      "Properties": {
        "PolicyDocument": {
          "Statement": [
            {
              "Action": "sqs:*",
              "Condition": {
                "Bool": {
                  "aws:SecureTransport": "false",
                },
              },
              "Effect": "Deny",
              "Principal": {
                "AWS": "*",
              },
              "Resource": {
                "Fn::GetAtt": [
                  "Queue381943A6",
                  "Arn",
                ],
              },
            },
          ],
          "Version": "2012-10-17",
        },
        "Queues": [
          {
            "Ref": "Queue381943A6",
          },
        ],
      },
      "Type": "AWS::SQS::QueuePolicy",
    },
    "QueueTaskSecurityGroupD85E02F4": {
      "Properties": {
        "GroupDescription": "test/QueueTask/SecurityGroup",
        "SecurityGroupEgress": [
          {
            "CidrIp": "0.0.0.0/0",
            "Description": "Allow all outbound traffic by default",
            "IpProtocol": "-1",
          },
        ],
        "VpcId": {
          "Ref": "VPCB9E5F0B4",
        },
      },
      "Type": "AWS::EC2::SecurityGroup",
    },
    "SchedulerDlq3CD7E799": {
      "DeletionPolicy": "Delete",
      "Properties": {
        "KmsMasterKeyId": "alias/aws/sqs",
      },
      "Type": "AWS::SQS::Queue",
      "UpdateReplacePolicy": "Delete",
    },
    "SchedulerDlqPolicy9F3898A8": {
      "Properties": {
        "PolicyDocument": {
          "Statement": [
            {
              "Action": "sqs:*",
              "Condition": {
                "Bool": {
                  "aws:SecureTransport": "false",
                },
              },
              "Effect": "Deny",
              "Principal": {
                "AWS": "*",
              },
              "Resource": {
                "Fn::GetAtt": [
                  "SchedulerDlq3CD7E799",
                  "Arn",
                ],
              },
            },
            {
              "Action": "sqs:SendMessage",
              "Condition": {
                "ArnEquals": {
                  "aws:SourceArn": {
                    "Fn::GetAtt": [
                      "SchedulerRule0386C9FE",
                      "Arn",
                    ],
                  },
                },
              },
              "Effect": "Allow",
              "Principal": {
                "Service": "events.amazonaws.com",
              },
              "Resource": {
                "Fn::GetAtt": [
                  "SchedulerDlq3CD7E799",
                  "Arn",
                ],
              },
              "Sid": "AllowEventRuletestSchedulerRuleAAC4D6B8",
            },
          ],
          "Version": "2012-10-17",
        },
        "Queues": [
          {
            "Ref": "SchedulerDlq3CD7E799",
          },
        ],
      },
      "Type": "AWS::SQS::QueuePolicy",
    },
    "SchedulerEcsWorkflowLogGroupE2EC8231": {
      "DeletionPolicy": "Delete",
      "Properties": {
        "RetentionInDays": 7,
      },
      "Type": "AWS::Logs::LogGroup",
      "UpdateReplacePolicy": "Delete",
    },
    "SchedulerEcsWorkflowStateMachine56BA9AA6": {
      "DeletionPolicy": "Delete",
      "DependsOn": [
        "SchedulerEcsWorkflowStateMachineRoleDefaultPolicy433ACDA1",
        "SchedulerEcsWorkflowStateMachineRole7AD122DD",
      ],
      "Properties": {
        "DefinitionString": {
          "Fn::Join": [
            "",
            [
              "{"StartAt":"Execution Control","States":{"Execution Control":{"Next":"SchedulerTask","Catch":[{"ErrorEquals":["States.ALL"],"Next":"Fail"}],"Type":"Task","ResultPath":null,"Resource":"arn:",
              {
                "Ref": "AWS::Partition",
              },
              ":states:::dynamodb:putItem","Parameters":{"Item":{"id":{"S.$":"$.id"},"updatedAt":{"S.$":"$$.Execution.StartTime"}},"TableName":"",
              {
                "Ref": "SchedulerEcsWorkflowTable269D7A6C",
              },
              "","ConditionExpression":"attribute_not_exists(id)"}},"SchedulerTask":{"Next":"Success","Retry":[{"ErrorEquals":["States.ALL"],"IntervalSeconds":10,"MaxAttempts":5,"BackoffRate":1}],"Catch":[{"ErrorEquals":["States.ALL"],"ResultPath":"$.error","Next":"Notify"}],"Type":"Task","TimeoutSeconds":3600,"Resource":"arn:",
              {
                "Ref": "AWS::Partition",
              },
              ":states:::ecs:runTask.sync","Parameters":{"Cluster":"",
              {
                "Fn::GetAtt": [
                  "ClusterEB0386A7",
                  "Arn",
                ],
              },
              "","TaskDefinition":"testTaskDefinitionDEFD2B54","NetworkConfiguration":{"AwsvpcConfiguration":{"Subnets":["",
              {
                "Ref": "VPCPrivateSubnet1Subnet8BCA10E0",
              },
              "","",
              {
                "Ref": "VPCPrivateSubnet2SubnetCFCDAA7A",
              },
              ""],"SecurityGroups":["",
              {
                "Fn::GetAtt": [
                  "SchedulerTaskSecurityGroup88DC2692",
                  "GroupId",
                ],
              },
              ""]}},"Overrides":{"ContainerOverrides":[{"Name":"TickerContainer","Environment":[{"Name":"SFN_TASK_INPUT","Value.$":"States.JsonToString($)"}]}]},"LaunchType":"FARGATE","PlatformVersion":"LATEST"}},"Success":{"Type":"Succeed"},"Notify":{"Next":"Fail","Type":"Task","Resource":"arn:",
              {
                "Ref": "AWS::Partition",
              },
              ":states:::sns:publish","Parameters":{"TopicArn":"",
              {
                "Ref": "SchedulerEcsWorkflowTopic823B9ABE",
              },
              "","Message":"task has failed."}},"Fail":{"Type":"Fail"}}}",
            ],
          ],
        },
        "LoggingConfiguration": {
          "Destinations": [
            {
              "CloudWatchLogsLogGroup": {
                "LogGroupArn": {
                  "Fn::GetAtt": [
                    "SchedulerEcsWorkflowLogGroupE2EC8231",
                    "Arn",
                  ],
                },
              },
            },
          ],
          "Level": "ALL",
        },
        "RoleArn": {
          "Fn::GetAtt": [
            "SchedulerEcsWorkflowStateMachineRole7AD122DD",
            "Arn",
          ],
        },
        "TracingConfiguration": {
          "Enabled": true,
        },
      },
      "Type": "AWS::StepFunctions::StateMachine",
      "UpdateReplacePolicy": "Delete",
    },
    "SchedulerEcsWorkflowStateMachineEventsRole5EF68391": {
      "Properties": {
        "AssumeRolePolicyDocument": {
          "Statement": [
            {
              "Action": "sts:AssumeRole",
              "Effect": "Allow",
              "Principal": {
                "Service": "events.amazonaws.com",
              },
            },
          ],
          "Version": "2012-10-17",
        },
      },
      "Type": "AWS::IAM::Role",
    },
    "SchedulerEcsWorkflowStateMachineEventsRoleDefaultPolicy1E513BF1": {
      "Properties": {
        "PolicyDocument": {
          "Statement": [
            {
              "Action": "states:StartExecution",
              "Effect": "Allow",
              "Resource": {
                "Ref": "SchedulerEcsWorkflowStateMachine56BA9AA6",
              },
            },
          ],
          "Version": "2012-10-17",
        },
        "PolicyName": "SchedulerEcsWorkflowStateMachineEventsRoleDefaultPolicy1E513BF1",
        "Roles": [
          {
            "Ref": "SchedulerEcsWorkflowStateMachineEventsRole5EF68391",
          },
        ],
      },
      "Type": "AWS::IAM::Policy",
    },
    "SchedulerEcsWorkflowStateMachineRole7AD122DD": {
      "Properties": {
        "AssumeRolePolicyDocument": {
          "Statement": [
            {
              "Action": "sts:AssumeRole",
              "Effect": "Allow",
              "Principal": {
                "Service": {
                  "Fn::FindInMap": [
                    "ServiceprincipalMap",
                    {
                      "Ref": "AWS::Region",
                    },
                    "states",
                  ],
                },
              },
            },
          ],
          "Version": "2012-10-17",
        },
      },
      "Type": "AWS::IAM::Role",
    },
    "SchedulerEcsWorkflowStateMachineRoleDefaultPolicy433ACDA1": {
      "Properties": {
        "PolicyDocument": {
          "Statement": [
            {
              "Action": "dynamodb:PutItem",
              "Effect": "Allow",
              "Resource": {
                "Fn::Join": [
                  "",
                  [
                    "arn:",
                    {
                      "Ref": "AWS::Partition",
                    },
                    ":dynamodb:",
                    {
                      "Ref": "AWS::Region",
                    },
                    ":",
                    {
                      "Ref": "AWS::AccountId",
                    },
                    ":table/",
                    {
                      "Ref": "SchedulerEcsWorkflowTable269D7A6C",
                    },
                  ],
                ],
              },
            },
            {
              "Action": "ecs:RunTask",
              "Effect": "Allow",
              "Resource": [
                {
                  "Fn::Join": [
                    "",
                    [
                      "arn:",
                      {
                        "Fn::Select": [
                          1,
                          {
                            "Fn::Split": [
                              ":",
                              {
                                "Ref": "TaskDefinitionB36D86D9",
                              },
                            ],
                          },
                        ],
                      },
                      ":",
                      {
                        "Fn::Select": [
                          2,
                          {
                            "Fn::Split": [
                              ":",
                              {
                                "Ref": "TaskDefinitionB36D86D9",
                              },
                            ],
                          },
                        ],
                      },
                      ":",
                      {
                        "Fn::Select": [
                          3,
                          {
                            "Fn::Split": [
                              ":",
                              {
                                "Ref": "TaskDefinitionB36D86D9",
                              },
                            ],
                          },
                        ],
                      },
                      ":",
                      {
                        "Fn::Select": [
                          4,
                          {
                            "Fn::Split": [
                              ":",
                              {
                                "Ref": "TaskDefinitionB36D86D9",
                              },
                            ],
                          },
                        ],
                      },
                      ":",
                      {
                        "Fn::Select": [
                          0,
                          {
                            "Fn::Split": [
                              "/",
                              {
                                "Fn::Select": [
                                  5,
                                  {
                                    "Fn::Split": [
                                      ":",
                                      {
                                        "Ref": "TaskDefinitionB36D86D9",
                                      },
                                    ],
                                  },
                                ],
                              },
                            ],
                          },
                        ],
                      },
                      "/",
                      {
                        "Fn::Select": [
                          1,
                          {
                            "Fn::Split": [
                              "/",
                              {
                                "Fn::Select": [
                                  5,
                                  {
                                    "Fn::Split": [
                                      ":",
                                      {
                                        "Ref": "TaskDefinitionB36D86D9",
                                      },
                                    ],
                                  },
                                ],
                              },
                            ],
                          },
                        ],
                      },
                    ],
                  ],
                },
                {
                  "Fn::Join": [
                    "",
                    [
                      "arn:",
                      {
                        "Fn::Select": [
                          1,
                          {
                            "Fn::Split": [
                              ":",
                              {
                                "Ref": "TaskDefinitionB36D86D9",
                              },
                            ],
                          },
                        ],
                      },
                      ":",
                      {
                        "Fn::Select": [
                          2,
                          {
                            "Fn::Split": [
                              ":",
                              {
                                "Ref": "TaskDefinitionB36D86D9",
                              },
                            ],
                          },
                        ],
                      },
                      ":",
                      {
                        "Fn::Select": [
                          3,
                          {
                            "Fn::Split": [
                              ":",
                              {
                                "Ref": "TaskDefinitionB36D86D9",
                              },
                            ],
                          },
                        ],
                      },
                      ":",
                      {
                        "Fn::Select": [
                          4,
                          {
                            "Fn::Split": [
                              ":",
                              {
                                "Ref": "TaskDefinitionB36D86D9",
                              },
                            ],
                          },
                        ],
                      },
                      ":",
                      {
                        "Fn::Select": [
                          0,
                          {
                            "Fn::Split": [
                              "/",
                              {
                                "Fn::Select": [
                                  5,
                                  {
                                    "Fn::Split": [
                                      ":",
                                      {
                                        "Ref": "TaskDefinitionB36D86D9",
                                      },
                                    ],
                                  },
                                ],
                              },
                            ],
                          },
                        ],
                      },
                      "/",
                      {
                        "Fn::Select": [
                          1,
                          {
                            "Fn::Split": [
                              "/",
                              {
                                "Fn::Select": [
                                  5,
                                  {
                                    "Fn::Split": [
                                      ":",
                                      {
                                        "Ref": "TaskDefinitionB36D86D9",
                                      },
                                    ],
                                  },
                                ],
                              },
                            ],
                          },
                        ],
                      },
                      ":*",
                    ],
                  ],
                },
              ],
            },
            {
              "Action": [
                "ecs:StopTask",
                "ecs:DescribeTasks",
              ],
              "Effect": "Allow",
              "Resource": "*",
            },
            {
              "Action": "iam:PassRole",
              "Effect": "Allow",
              "Resource": [
                {
                  "Fn::GetAtt": [
                    "TaskDefinitionTaskRoleFD40A61D",
                    "Arn",
                  ],
                },
                {
                  "Fn::GetAtt": [
                    "TaskDefinitionExecutionRole8D61C2FB",
                    "Arn",
                  ],
                },
              ],
            },
            {
              "Action": [
                "events:PutTargets",
                "events:PutRule",
                "events:DescribeRule",
              ],
              "Effect": "Allow",
              "Resource": {
                "Fn::Join": [
                  "",
                  [
                    "arn:",
                    {
                      "Ref": "AWS::Partition",
                    },
                    ":events:",
                    {
                      "Ref": "AWS::Region",
                    },
                    ":",
                    {
                      "Ref": "AWS::AccountId",
                    },
                    ":rule/StepFunctionsGetEventsForECSTaskRule",
                  ],
                ],
              },
            },
            {
              "Action": "sns:Publish",
              "Effect": "Allow",
              "Resource": {
                "Ref": "SchedulerEcsWorkflowTopic823B9ABE",
              },
            },
            {
              "Action": [
                "logs:CreateLogDelivery",
                "logs:GetLogDelivery",
                "logs:UpdateLogDelivery",
                "logs:DeleteLogDelivery",
                "logs:ListLogDeliveries",
                "logs:PutResourcePolicy",
                "logs:DescribeResourcePolicies",
                "logs:DescribeLogGroups",
              ],
              "Effect": "Allow",
              "Resource": "*",
            },
            {
              "Action": [
                "xray:PutTraceSegments",
                "xray:PutTelemetryRecords",
                "xray:GetSamplingRules",
                "xray:GetSamplingTargets",
              ],
              "Effect": "Allow",
              "Resource": "*",
            },
          ],
          "Version": "2012-10-17",
        },
        "PolicyName": "SchedulerEcsWorkflowStateMachineRoleDefaultPolicy433ACDA1",
        "Roles": [
          {
            "Ref": "SchedulerEcsWorkflowStateMachineRole7AD122DD",
          },
        ],
      },
      "Type": "AWS::IAM::Policy",
    },
    "SchedulerEcsWorkflowTable269D7A6C": {
      "DeletionPolicy": "Delete",
      "Properties": {
        "AttributeDefinitions": [
          {
            "AttributeName": "id",
            "AttributeType": "S",
          },
        ],
        "BillingMode": "PAY_PER_REQUEST",
        "KeySchema": [
          {
            "AttributeName": "id",
            "KeyType": "HASH",
          },
        ],
        "SSESpecification": {
          "SSEEnabled": true,
        },
      },
      "Type": "AWS::DynamoDB::Table",
      "UpdateReplacePolicy": "Delete",
    },
    "SchedulerEcsWorkflowTopic823B9ABE": {
      "Type": "AWS::SNS::Topic",
    },
    "SchedulerLambdaWorkflowLogGroup38DE7869": {
      "DeletionPolicy": "Delete",
      "Properties": {
        "RetentionInDays": 7,
      },
      "Type": "AWS::Logs::LogGroup",
      "UpdateReplacePolicy": "Delete",
    },
    "SchedulerLambdaWorkflowStateMachineCBA0F67C": {
      "DeletionPolicy": "Delete",
      "DependsOn": [
        "SchedulerLambdaWorkflowStateMachineRoleDefaultPolicy1D655EDF",
        "SchedulerLambdaWorkflowStateMachineRoleE7936EE1",
      ],
      "Properties": {
        "DefinitionString": {
          "Fn::Join": [
            "",
            [
              "{"StartAt":"Execution Control","States":{"Execution Control":{"Next":"SchedulerFunction","Catch":[{"ErrorEquals":["States.ALL"],"Next":"Fail"}],"Type":"Task","ResultPath":null,"Resource":"arn:",
              {
                "Ref": "AWS::Partition",
              },
              ":states:::dynamodb:putItem","Parameters":{"Item":{"id":{"S.$":"$.id"},"updatedAt":{"S.$":"$$.Execution.StartTime"}},"TableName":"",
              {
                "Ref": "SchedulerLambdaWorkflowTable9445E525",
              },
              "","ConditionExpression":"attribute_not_exists(id)"}},"SchedulerFunction":{"Next":"Success","Retry":[{"ErrorEquals":["Lambda.ClientExecutionTimeoutException","Lambda.ServiceException","Lambda.AWSLambdaException","Lambda.SdkClientException"],"IntervalSeconds":2,"MaxAttempts":6,"BackoffRate":2},{"ErrorEquals":["States.ALL"],"IntervalSeconds":10,"MaxAttempts":5,"BackoffRate":1}],"Catch":[{"ErrorEquals":["States.ALL"],"ResultPath":"$.error","Next":"Notify"}],"Type":"Task","TimeoutSeconds":3600,"Resource":"",
              {
                "Fn::GetAtt": [
                  "TickerFunctions4DCC7C63",
                  "Arn",
                ],
              },
              ""},"Success":{"Type":"Succeed"},"Notify":{"Next":"Fail","Type":"Task","Resource":"arn:",
              {
                "Ref": "AWS::Partition",
              },
              ":states:::sns:publish","Parameters":{"TopicArn":"",
              {
                "Ref": "SchedulerLambdaWorkflowTopicE6B123DB",
              },
              "","Message":"task has failed."}},"Fail":{"Type":"Fail"}}}",
            ],
          ],
        },
        "LoggingConfiguration": {
          "Destinations": [
            {
              "CloudWatchLogsLogGroup": {
                "LogGroupArn": {
                  "Fn::GetAtt": [
                    "SchedulerLambdaWorkflowLogGroup38DE7869",
                    "Arn",
                  ],
                },
              },
            },
          ],
          "Level": "ALL",
        },
        "RoleArn": {
          "Fn::GetAtt": [
            "SchedulerLambdaWorkflowStateMachineRoleE7936EE1",
            "Arn",
          ],
        },
        "TracingConfiguration": {
          "Enabled": true,
        },
      },
      "Type": "AWS::StepFunctions::StateMachine",
      "UpdateReplacePolicy": "Delete",
    },
    "SchedulerLambdaWorkflowStateMachineEventsRole0E78A336": {
      "Properties": {
        "AssumeRolePolicyDocument": {
          "Statement": [
            {
              "Action": "sts:AssumeRole",
              "Effect": "Allow",
              "Principal": {
                "Service": "events.amazonaws.com",
              },
            },
          ],
          "Version": "2012-10-17",
        },
      },
      "Type": "AWS::IAM::Role",
    },
    "SchedulerLambdaWorkflowStateMachineEventsRoleDefaultPolicyF249E412": {
      "Properties": {
        "PolicyDocument": {
          "Statement": [
            {
              "Action": "states:StartExecution",
              "Effect": "Allow",
              "Resource": {
                "Ref": "SchedulerLambdaWorkflowStateMachineCBA0F67C",
              },
            },
          ],
          "Version": "2012-10-17",
        },
        "PolicyName": "SchedulerLambdaWorkflowStateMachineEventsRoleDefaultPolicyF249E412",
        "Roles": [
          {
            "Ref": "SchedulerLambdaWorkflowStateMachineEventsRole0E78A336",
          },
        ],
      },
      "Type": "AWS::IAM::Policy",
    },
    "SchedulerLambdaWorkflowStateMachineRoleDefaultPolicy1D655EDF": {
      "Properties": {
        "PolicyDocument": {
          "Statement": [
            {
              "Action": "dynamodb:PutItem",
              "Effect": "Allow",
              "Resource": {
                "Fn::Join": [
                  "",
                  [
                    "arn:",
                    {
                      "Ref": "AWS::Partition",
                    },
                    ":dynamodb:",
                    {
                      "Ref": "AWS::Region",
                    },
                    ":",
                    {
                      "Ref": "AWS::AccountId",
                    },
                    ":table/",
                    {
                      "Ref": "SchedulerLambdaWorkflowTable9445E525",
                    },
                  ],
                ],
              },
            },
            {
              "Action": "lambda:InvokeFunction",
              "Effect": "Allow",
              "Resource": [
                {
                  "Fn::GetAtt": [
                    "TickerFunctions4DCC7C63",
                    "Arn",
                  ],
                },
                {
                  "Fn::Join": [
                    "",
                    [
                      {
                        "Fn::GetAtt": [
                          "TickerFunctions4DCC7C63",
                          "Arn",
                        ],
                      },
                      ":*",
                    ],
                  ],
                },
              ],
            },
            {
              "Action": "sns:Publish",
              "Effect": "Allow",
              "Resource": {
                "Ref": "SchedulerLambdaWorkflowTopicE6B123DB",
              },
            },
            {
              "Action": [
                "logs:CreateLogDelivery",
                "logs:GetLogDelivery",
                "logs:UpdateLogDelivery",
                "logs:DeleteLogDelivery",
                "logs:ListLogDeliveries",
                "logs:PutResourcePolicy",
                "logs:DescribeResourcePolicies",
                "logs:DescribeLogGroups",
              ],
              "Effect": "Allow",
              "Resource": "*",
            },
            {
              "Action": [
                "xray:PutTraceSegments",
                "xray:PutTelemetryRecords",
                "xray:GetSamplingRules",
                "xray:GetSamplingTargets",
              ],
              "Effect": "Allow",
              "Resource": "*",
            },
          ],
          "Version": "2012-10-17",
        },
        "PolicyName": "SchedulerLambdaWorkflowStateMachineRoleDefaultPolicy1D655EDF",
        "Roles": [
          {
            "Ref": "SchedulerLambdaWorkflowStateMachineRoleE7936EE1",
          },
        ],
      },
      "Type": "AWS::IAM::Policy",
    },
    "SchedulerLambdaWorkflowStateMachineRoleE7936EE1": {
      "Properties": {
        "AssumeRolePolicyDocument": {
          "Statement": [
            {
              "Action": "sts:AssumeRole",
              "Effect": "Allow",
              "Principal": {
                "Service": {
                  "Fn::FindInMap": [
                    "ServiceprincipalMap",
                    {
                      "Ref": "AWS::Region",
                    },
                    "states",
                  ],
                },
              },
            },
          ],
          "Version": "2012-10-17",
        },
      },
      "Type": "AWS::IAM::Role",
    },
    "SchedulerLambdaWorkflowTable9445E525": {
      "DeletionPolicy": "Delete",
      "Properties": {
        "AttributeDefinitions": [
          {
            "AttributeName": "id",
            "AttributeType": "S",
          },
        ],
        "BillingMode": "PAY_PER_REQUEST",
        "KeySchema": [
          {
            "AttributeName": "id",
            "KeyType": "HASH",
          },
        ],
        "SSESpecification": {
          "SSEEnabled": true,
        },
      },
      "Type": "AWS::DynamoDB::Table",
      "UpdateReplacePolicy": "Delete",
    },
    "SchedulerLambdaWorkflowTopicE6B123DB": {
      "Type": "AWS::SNS::Topic",
    },
    "SchedulerRule0386C9FE": {
      "Properties": {
        "ScheduleExpression": "cron(0/5 * * * ? *)",
        "State": "DISABLED",
        "Targets": [
          {
            "Arn": {
              "Ref": "SchedulerEcsWorkflowStateMachine56BA9AA6",
            },
            "DeadLetterConfig": {
              "Arn": {
                "Fn::GetAtt": [
                  "SchedulerDlq3CD7E799",
                  "Arn",
                ],
              },
            },
            "Id": "Target0",
            "RoleArn": {
              "Fn::GetAtt": [
                "SchedulerEcsWorkflowStateMachineEventsRole5EF68391",
                "Arn",
              ],
            },
          },
        ],
      },
      "Type": "AWS::Events::Rule",
    },
    "SchedulerTaskSecurityGroup88DC2692": {
      "Properties": {
        "GroupDescription": "test/SchedulerTask/SecurityGroup",
        "SecurityGroupEgress": [
          {
            "CidrIp": "0.0.0.0/0",
            "Description": "Allow all outbound traffic by default",
            "IpProtocol": "-1",
          },
        ],
        "VpcId": {
          "Ref": "VPCB9E5F0B4",
        },
      },
      "Type": "AWS::EC2::SecurityGroup",
    },
    "SfnQueue2Pipe64150CBE": {
      "Properties": {
        "RoleArn": {
          "Fn::GetAtt": [
            "SfnQueue2PipeRole9B482D7C",
            "Arn",
          ],
        },
        "Source": {
          "Fn::GetAtt": [
            "SfnQueue2Queue969EFB50",
            "Arn",
          ],
        },
        "SourceParameters": {},
        "Target": {
          "Ref": "QueueLambdaWorkflowStateMachineFE9FE154",
        },
        "TargetParameters": {
          "StepFunctionStateMachineParameters": {
            "InvocationType": "FIRE_AND_FORGET",
          },
        },
      },
      "Type": "AWS::Pipes::Pipe",
    },
    "SfnQueue2PipeRole9B482D7C": {
      "Properties": {
        "AssumeRolePolicyDocument": {
          "Statement": [
            {
              "Action": "sts:AssumeRole",
              "Effect": "Allow",
              "Principal": {
                "Service": "pipes.amazonaws.com",
              },
            },
          ],
          "Version": "2012-10-17",
        },
      },
      "Type": "AWS::IAM::Role",
    },
    "SfnQueue2PipeRoleDefaultPolicy47641156": {
      "Properties": {
        "PolicyDocument": {
          "Statement": [
            {
              "Action": [
                "sqs:ReceiveMessage",
                "sqs:ChangeMessageVisibility",
                "sqs:GetQueueUrl",
                "sqs:DeleteMessage",
                "sqs:GetQueueAttributes",
              ],
              "Effect": "Allow",
              "Resource": {
                "Fn::GetAtt": [
                  "SfnQueue2Queue969EFB50",
                  "Arn",
                ],
              },
            },
            {
              "Action": "states:StartExecution",
              "Effect": "Allow",
              "Resource": {
                "Ref": "QueueLambdaWorkflowStateMachineFE9FE154",
              },
            },
          ],
          "Version": "2012-10-17",
        },
        "PolicyName": "SfnQueue2PipeRoleDefaultPolicy47641156",
        "Roles": [
          {
            "Ref": "SfnQueue2PipeRole9B482D7C",
          },
        ],
      },
      "Type": "AWS::IAM::Policy",
    },
    "SfnQueue2Queue969EFB50": {
      "DeletionPolicy": "Delete",
      "Properties": {
        "KmsMasterKeyId": "alias/aws/sqs",
      },
      "Type": "AWS::SQS::Queue",
      "UpdateReplacePolicy": "Delete",
    },
    "SfnQueue2QueuePolicyE4BDE41E": {
      "Properties": {
        "PolicyDocument": {
          "Statement": [
            {
              "Action": "sqs:*",
              "Condition": {
                "Bool": {
                  "aws:SecureTransport": "false",
                },
              },
              "Effect": "Deny",
              "Principal": {
                "AWS": "*",
              },
              "Resource": {
                "Fn::GetAtt": [
                  "SfnQueue2Queue969EFB50",
                  "Arn",
                ],
              },
            },
          ],
          "Version": "2012-10-17",
        },
        "Queues": [
          {
            "Ref": "SfnQueue2Queue969EFB50",
          },
        ],
      },
      "Type": "AWS::SQS::QueuePolicy",
    },
    "TaskDefinitionB36D86D9": {
      "Properties": {
        "ContainerDefinitions": [
          {
            "Essential": true,
            "Image": {
              "Fn::Sub": "\${AWS::AccountId}.dkr.ecr.\${AWS::Region}.\${AWS::URLSuffix}/cdk-hnb659fds-container-assets-\${AWS::AccountId}-\${AWS::Region}:933643e5bfc1b699d99d97f5e801fed5be79b8dbe142da52f28037a658d2fe67",
            },
            "LogConfiguration": {
              "LogDriver": "awslogs",
              "Options": {
                "awslogs-group": {
                  "Ref": "TaskDefinitionTickerContainerLogGroupDF943DE4",
                },
                "awslogs-region": {
                  "Ref": "AWS::Region",
                },
                "awslogs-stream-prefix": "TickerContainer",
                "mode": "blocking",
              },
            },
            "Name": "TickerContainer",
          },
        ],
        "Cpu": "256",
        "ExecutionRoleArn": {
          "Fn::GetAtt": [
            "TaskDefinitionExecutionRole8D61C2FB",
            "Arn",
          ],
        },
        "Family": "testTaskDefinitionDEFD2B54",
        "Memory": "512",
        "NetworkMode": "awsvpc",
        "RequiresCompatibilities": [
          "FARGATE",
        ],
        "TaskRoleArn": {
          "Fn::GetAtt": [
            "TaskDefinitionTaskRoleFD40A61D",
            "Arn",
          ],
        },
      },
      "Type": "AWS::ECS::TaskDefinition",
    },
    "TaskDefinitionExecutionRole8D61C2FB": {
      "Properties": {
        "AssumeRolePolicyDocument": {
          "Statement": [
            {
              "Action": "sts:AssumeRole",
              "Effect": "Allow",
              "Principal": {
                "Service": "ecs-tasks.amazonaws.com",
              },
            },
          ],
          "Version": "2012-10-17",
        },
      },
      "Type": "AWS::IAM::Role",
    },
    "TaskDefinitionExecutionRoleDefaultPolicy1F3406F5": {
      "Properties": {
        "PolicyDocument": {
          "Statement": [
            {
              "Action": [
                "ecr:BatchCheckLayerAvailability",
                "ecr:GetDownloadUrlForLayer",
                "ecr:BatchGetImage",
              ],
              "Effect": "Allow",
              "Resource": {
                "Fn::Join": [
                  "",
                  [
                    "arn:",
                    {
                      "Ref": "AWS::Partition",
                    },
                    ":ecr:",
                    {
                      "Ref": "AWS::Region",
                    },
                    ":",
                    {
                      "Ref": "AWS::AccountId",
                    },
                    ":repository/",
                    {
                      "Fn::Sub": "cdk-hnb659fds-container-assets-\${AWS::AccountId}-\${AWS::Region}",
                    },
                  ],
                ],
              },
            },
            {
              "Action": "ecr:GetAuthorizationToken",
              "Effect": "Allow",
              "Resource": "*",
            },
            {
              "Action": [
                "logs:CreateLogStream",
                "logs:PutLogEvents",
              ],
              "Effect": "Allow",
              "Resource": {
                "Fn::GetAtt": [
                  "TaskDefinitionTickerContainerLogGroupDF943DE4",
                  "Arn",
                ],
              },
            },
          ],
          "Version": "2012-10-17",
        },
        "PolicyName": "TaskDefinitionExecutionRoleDefaultPolicy1F3406F5",
        "Roles": [
          {
            "Ref": "TaskDefinitionExecutionRole8D61C2FB",
          },
        ],
      },
      "Type": "AWS::IAM::Policy",
    },
    "TaskDefinitionTaskRoleFD40A61D": {
      "Properties": {
        "AssumeRolePolicyDocument": {
          "Statement": [
            {
              "Action": "sts:AssumeRole",
              "Effect": "Allow",
              "Principal": {
                "Service": "ecs-tasks.amazonaws.com",
              },
            },
          ],
          "Version": "2012-10-17",
        },
      },
      "Type": "AWS::IAM::Role",
    },
    "TaskDefinitionTickerContainerLogGroupDF943DE4": {
      "DeletionPolicy": "Retain",
      "Type": "AWS::Logs::LogGroup",
      "UpdateReplacePolicy": "Retain",
    },
    "TickerFunctions4DCC7C63": {
      "DependsOn": [
        "TickerFunctionsServiceRole3FE0457D",
      ],
      "Properties": {
        "Code": {
          "ImageUri": {
            "Fn::Sub": "\${AWS::AccountId}.dkr.ecr.\${AWS::Region}.\${AWS::URLSuffix}/cdk-hnb659fds-container-assets-\${AWS::AccountId}-\${AWS::Region}:5b590a9e1804225df265a70224382fc82e8f74c435092516c51311e5a25bf887",
          },
        },
        "MemorySize": 512,
        "PackageType": "Image",
        "Role": {
          "Fn::GetAtt": [
            "TickerFunctionsServiceRole3FE0457D",
            "Arn",
          ],
        },
        "Timeout": 180,
      },
      "Type": "AWS::Lambda::Function",
    },
    "TickerFunctionsServiceRole3FE0457D": {
      "Properties": {
        "AssumeRolePolicyDocument": {
          "Statement": [
            {
              "Action": "sts:AssumeRole",
              "Effect": "Allow",
              "Principal": {
                "Service": "lambda.amazonaws.com",
              },
            },
          ],
          "Version": "2012-10-17",
        },
        "ManagedPolicyArns": [
          {
            "Fn::Join": [
              "",
              [
                "arn:",
                {
                  "Ref": "AWS::Partition",
                },
                ":iam::aws:policy/service-role/AWSLambdaBasicExecutionRole",
              ],
            ],
          },
        ],
      },
      "Type": "AWS::IAM::Role",
    },
    "VPCB9E5F0B4": {
      "Properties": {
        "CidrBlock": "10.0.0.0/16",
        "EnableDnsHostnames": true,
        "EnableDnsSupport": true,
        "InstanceTenancy": "default",
        "Tags": [
          {
            "Key": "Name",
            "Value": "test/VPC",
          },
        ],
      },
      "Type": "AWS::EC2::VPC",
    },
    "VPCIGWB7E252D3": {
      "Properties": {
        "Tags": [
          {
            "Key": "Name",
            "Value": "test/VPC",
          },
        ],
      },
      "Type": "AWS::EC2::InternetGateway",
    },
    "VPCPrivateSubnet1DefaultRouteAE1D6490": {
      "Properties": {
        "DestinationCidrBlock": "0.0.0.0/0",
        "NatGatewayId": {
          "Ref": "VPCPublicSubnet1NATGatewayE0556630",
        },
        "RouteTableId": {
          "Ref": "VPCPrivateSubnet1RouteTableBE8A6027",
        },
      },
      "Type": "AWS::EC2::Route",
    },
    "VPCPrivateSubnet1RouteTableAssociation347902D1": {
      "Properties": {
        "RouteTableId": {
          "Ref": "VPCPrivateSubnet1RouteTableBE8A6027",
        },
        "SubnetId": {
          "Ref": "VPCPrivateSubnet1Subnet8BCA10E0",
        },
      },
      "Type": "AWS::EC2::SubnetRouteTableAssociation",
    },
    "VPCPrivateSubnet1RouteTableBE8A6027": {
      "Properties": {
        "Tags": [
          {
            "Key": "Name",
            "Value": "test/VPC/PrivateSubnet1",
          },
        ],
        "VpcId": {
          "Ref": "VPCB9E5F0B4",
        },
      },
      "Type": "AWS::EC2::RouteTable",
    },
    "VPCPrivateSubnet1Subnet8BCA10E0": {
      "Properties": {
        "AvailabilityZone": {
          "Fn::Select": [
            0,
            {
              "Fn::GetAZs": "",
            },
          ],
        },
        "CidrBlock": "10.0.128.0/18",
        "MapPublicIpOnLaunch": false,
        "Tags": [
          {
            "Key": "aws-cdk:subnet-name",
            "Value": "Private",
          },
          {
            "Key": "aws-cdk:subnet-type",
            "Value": "Private",
          },
          {
            "Key": "Name",
            "Value": "test/VPC/PrivateSubnet1",
          },
        ],
        "VpcId": {
          "Ref": "VPCB9E5F0B4",
        },
      },
      "Type": "AWS::EC2::Subnet",
    },
    "VPCPrivateSubnet2DefaultRouteF4F5CFD2": {
      "Properties": {
        "DestinationCidrBlock": "0.0.0.0/0",
        "NatGatewayId": {
          "Ref": "VPCPublicSubnet1NATGatewayE0556630",
        },
        "RouteTableId": {
          "Ref": "VPCPrivateSubnet2RouteTable0A19E10E",
        },
      },
      "Type": "AWS::EC2::Route",
    },
    "VPCPrivateSubnet2RouteTable0A19E10E": {
      "Properties": {
        "Tags": [
          {
            "Key": "Name",
            "Value": "test/VPC/PrivateSubnet2",
          },
        ],
        "VpcId": {
          "Ref": "VPCB9E5F0B4",
        },
      },
      "Type": "AWS::EC2::RouteTable",
    },
    "VPCPrivateSubnet2RouteTableAssociation0C73D413": {
      "Properties": {
        "RouteTableId": {
          "Ref": "VPCPrivateSubnet2RouteTable0A19E10E",
        },
        "SubnetId": {
          "Ref": "VPCPrivateSubnet2SubnetCFCDAA7A",
        },
      },
      "Type": "AWS::EC2::SubnetRouteTableAssociation",
    },
    "VPCPrivateSubnet2SubnetCFCDAA7A": {
      "Properties": {
        "AvailabilityZone": {
          "Fn::Select": [
            1,
            {
              "Fn::GetAZs": "",
            },
          ],
        },
        "CidrBlock": "10.0.192.0/18",
        "MapPublicIpOnLaunch": false,
        "Tags": [
          {
            "Key": "aws-cdk:subnet-name",
            "Value": "Private",
          },
          {
            "Key": "aws-cdk:subnet-type",
            "Value": "Private",
          },
          {
            "Key": "Name",
            "Value": "test/VPC/PrivateSubnet2",
          },
        ],
        "VpcId": {
          "Ref": "VPCB9E5F0B4",
        },
      },
      "Type": "AWS::EC2::Subnet",
    },
    "VPCPublicSubnet1DefaultRoute91CEF279": {
      "DependsOn": [
        "VPCVPCGW99B986DC",
      ],
      "Properties": {
        "DestinationCidrBlock": "0.0.0.0/0",
        "GatewayId": {
          "Ref": "VPCIGWB7E252D3",
        },
        "RouteTableId": {
          "Ref": "VPCPublicSubnet1RouteTableFEE4B781",
        },
      },
      "Type": "AWS::EC2::Route",
    },
    "VPCPublicSubnet1EIP6AD938E8": {
      "Properties": {
        "Domain": "vpc",
        "Tags": [
          {
            "Key": "Name",
            "Value": "test/VPC/PublicSubnet1",
          },
        ],
      },
      "Type": "AWS::EC2::EIP",
    },
    "VPCPublicSubnet1NATGatewayE0556630": {
      "DependsOn": [
        "VPCPublicSubnet1DefaultRoute91CEF279",
        "VPCPublicSubnet1RouteTableAssociation0B0896DC",
      ],
      "Properties": {
        "AllocationId": {
          "Fn::GetAtt": [
            "VPCPublicSubnet1EIP6AD938E8",
            "AllocationId",
          ],
        },
        "SubnetId": {
          "Ref": "VPCPublicSubnet1SubnetB4246D30",
        },
        "Tags": [
          {
            "Key": "Name",
            "Value": "test/VPC/PublicSubnet1",
          },
        ],
      },
      "Type": "AWS::EC2::NatGateway",
    },
    "VPCPublicSubnet1RouteTableAssociation0B0896DC": {
      "Properties": {
        "RouteTableId": {
          "Ref": "VPCPublicSubnet1RouteTableFEE4B781",
        },
        "SubnetId": {
          "Ref": "VPCPublicSubnet1SubnetB4246D30",
        },
      },
      "Type": "AWS::EC2::SubnetRouteTableAssociation",
    },
    "VPCPublicSubnet1RouteTableFEE4B781": {
      "Properties": {
        "Tags": [
          {
            "Key": "Name",
            "Value": "test/VPC/PublicSubnet1",
          },
        ],
        "VpcId": {
          "Ref": "VPCB9E5F0B4",
        },
      },
      "Type": "AWS::EC2::RouteTable",
    },
    "VPCPublicSubnet1SubnetB4246D30": {
      "Properties": {
        "AvailabilityZone": {
          "Fn::Select": [
            0,
            {
              "Fn::GetAZs": "",
            },
          ],
        },
        "CidrBlock": "10.0.0.0/18",
        "MapPublicIpOnLaunch": true,
        "Tags": [
          {
            "Key": "aws-cdk:subnet-name",
            "Value": "Public",
          },
          {
            "Key": "aws-cdk:subnet-type",
            "Value": "Public",
          },
          {
            "Key": "Name",
            "Value": "test/VPC/PublicSubnet1",
          },
        ],
        "VpcId": {
          "Ref": "VPCB9E5F0B4",
        },
      },
      "Type": "AWS::EC2::Subnet",
    },
    "VPCPublicSubnet2DefaultRouteB7481BBA": {
      "DependsOn": [
        "VPCVPCGW99B986DC",
      ],
      "Properties": {
        "DestinationCidrBlock": "0.0.0.0/0",
        "GatewayId": {
          "Ref": "VPCIGWB7E252D3",
        },
        "RouteTableId": {
          "Ref": "VPCPublicSubnet2RouteTable6F1A15F1",
        },
      },
      "Type": "AWS::EC2::Route",
    },
    "VPCPublicSubnet2RouteTable6F1A15F1": {
      "Properties": {
        "Tags": [
          {
            "Key": "Name",
            "Value": "test/VPC/PublicSubnet2",
          },
        ],
        "VpcId": {
          "Ref": "VPCB9E5F0B4",
        },
      },
      "Type": "AWS::EC2::RouteTable",
    },
    "VPCPublicSubnet2RouteTableAssociation5A808732": {
      "Properties": {
        "RouteTableId": {
          "Ref": "VPCPublicSubnet2RouteTable6F1A15F1",
        },
        "SubnetId": {
          "Ref": "VPCPublicSubnet2Subnet74179F39",
        },
      },
      "Type": "AWS::EC2::SubnetRouteTableAssociation",
    },
    "VPCPublicSubnet2Subnet74179F39": {
      "Properties": {
        "AvailabilityZone": {
          "Fn::Select": [
            1,
            {
              "Fn::GetAZs": "",
            },
          ],
        },
        "CidrBlock": "10.0.64.0/18",
        "MapPublicIpOnLaunch": true,
        "Tags": [
          {
            "Key": "aws-cdk:subnet-name",
            "Value": "Public",
          },
          {
            "Key": "aws-cdk:subnet-type",
            "Value": "Public",
          },
          {
            "Key": "Name",
            "Value": "test/VPC/PublicSubnet2",
          },
        ],
        "VpcId": {
          "Ref": "VPCB9E5F0B4",
        },
      },
      "Type": "AWS::EC2::Subnet",
    },
    "VPCVPCGW99B986DC": {
      "Properties": {
        "InternetGatewayId": {
          "Ref": "VPCIGWB7E252D3",
        },
        "VpcId": {
          "Ref": "VPCB9E5F0B4",
        },
      },
      "Type": "AWS::EC2::VPCGatewayAttachment",
    },
  },
  "Rules": {
    "CheckBootstrapVersion": {
      "Assertions": [
        {
          "Assert": {
            "Fn::Not": [
              {
                "Fn::Contains": [
                  [
                    "1",
                    "2",
                    "3",
                    "4",
                    "5",
                  ],
                  {
                    "Ref": "BootstrapVersion",
                  },
                ],
              },
            ],
          },
          "AssertDescription": "CDK bootstrap stack version 6 required. Please run 'cdk bootstrap' with a recent version of the CDK CLI.",
        },
      ],
    },
  },
}
`;
